ARM Linker, 5.03 [Build 76] [MDK-ARM Lite]

==============================================================================

Section Cross References

    startup.o(RESET) refers to startup.o(STACK) for StackMem
    startup.o(RESET) refers to adct0atrigger.o(i.ADC0Seq3_Handler) for ADC0Seq3_Handler
    startup.o(RESET) refers to entry.o(.ARM.Collect$$$$00000000) for __main
    adct0atrigger.o(i.ADC0Seq3_Handler) refers to adct0atrigger.o(.data) for ADCvalue
    adct0atrigger.o(i.ADC0_InitTimer0ATriggerSeq3) refers to startup.o(.text) for DisableInterrupts
    adctestmain.o(i.ADC_to_temp) refers to dflti.o(.text) for __aeabi_i2d
    adctestmain.o(i.ADC_to_temp) refers to dmul.o(.text) for __aeabi_dmul
    adctestmain.o(i.ADC_to_temp) refers to dadd.o(.text) for __aeabi_dadd
    adctestmain.o(i.ADC_to_temp) refers to dfltui.o(.text) for __aeabi_ui2d
    adctestmain.o(i.ADC_to_temp) refers to dfixui.o(.text) for __aeabi_d2uiz
    adctestmain.o(i.ADC_to_temp) refers to adctestmain.o(.constdata) for ADCdata
    adctestmain.o(i.draw_data) refers to st7735.o(i.ST7735_DrawPixel) for ST7735_DrawPixel
    adctestmain.o(i.draw_data) refers to st7735.o(i.ST7735_FillRect) for ST7735_FillRect
    adctestmain.o(i.draw_data) refers to adctestmain.o(.data) for plotX
    adctestmain.o(i.main) refers to pll.o(i.PLL_Init) for PLL_Init
    adctestmain.o(i.main) refers to uart.o(i.UART_Init) for UART_Init
    adctestmain.o(i.main) refers to st7735.o(i.ST7735_InitR) for ST7735_InitR
    adctestmain.o(i.main) refers to adct0atrigger.o(i.ADC0_InitTimer0ATriggerSeq3) for ADC0_InitTimer0ATriggerSeq3
    adctestmain.o(i.main) refers to startup.o(.text) for EnableInterrupts
    adctestmain.o(i.main) refers to uart.o(i.UART_OutUDec) for UART_OutUDec
    adctestmain.o(i.main) refers to uart.o(i.UART_OutString) for UART_OutString
    adctestmain.o(i.main) refers to adctestmain.o(i.ADC_to_temp) for ADC_to_temp
    adctestmain.o(i.main) refers to adctestmain.o(i.print_screen) for print_screen
    adctestmain.o(i.main) refers to adctestmain.o(i.draw_data) for draw_data
    adctestmain.o(i.main) refers to adct0atrigger.o(.data) for ADCvalue
    adctestmain.o(i.print_screen) refers to st7735.o(i.ST7735_SetCursor) for ST7735_SetCursor
    adctestmain.o(i.print_screen) refers to st7735.o(i.ST7735_OutString) for ST7735_OutString
    adctestmain.o(i.print_screen) refers to fixed.o(i.ST7735_sDecOut3) for ST7735_sDecOut3
    adctestmain.o(i.print_screen) refers to st7735.o(i.ST7735_OutUDec) for ST7735_OutUDec
    uart.o(i.UART_OutString) refers to uart.o(i.UART_OutChar) for UART_OutChar
    uart.o(i.UART_OutUDec) refers to uart.o(i.UART_OutChar) for UART_OutChar
    st7735.o(i.Output_Clear) refers to st7735.o(i.ST7735_FillScreen) for ST7735_FillScreen
    st7735.o(i.Output_Color) refers to st7735.o(i.ST7735_SetTextColor) for ST7735_SetTextColor
    st7735.o(i.Output_Init) refers to st7735.o(i.ST7735_InitR) for ST7735_InitR
    st7735.o(i.Output_Init) refers to st7735.o(i.ST7735_FillScreen) for ST7735_FillScreen
    st7735.o(i.Output_Off) refers to st7735.o(i.Output_Clear) for Output_Clear
    st7735.o(i.Output_On) refers to st7735.o(i.Output_Init) for Output_Init
    st7735.o(i.ST7735_DrawBitmap) refers to st7735.o(i.setAddrWindow) for setAddrWindow
    st7735.o(i.ST7735_DrawBitmap) refers to st7735.o(i.writedata) for writedata
    st7735.o(i.ST7735_DrawBitmap) refers to st7735.o(.data) for _width
    st7735.o(i.ST7735_DrawChar) refers to st7735.o(i.setAddrWindow) for setAddrWindow
    st7735.o(i.ST7735_DrawChar) refers to st7735.o(i.pushColor) for pushColor
    st7735.o(i.ST7735_DrawChar) refers to st7735.o(.data) for _width
    st7735.o(i.ST7735_DrawChar) refers to st7735.o(.constdata) for Font
    st7735.o(i.ST7735_DrawCharS) refers to st7735.o(i.ST7735_DrawPixel) for ST7735_DrawPixel
    st7735.o(i.ST7735_DrawCharS) refers to st7735.o(i.ST7735_FillRect) for ST7735_FillRect
    st7735.o(i.ST7735_DrawCharS) refers to st7735.o(.data) for _width
    st7735.o(i.ST7735_DrawCharS) refers to st7735.o(.constdata) for Font
    st7735.o(i.ST7735_DrawFastHLine) refers to st7735.o(i.setAddrWindow) for setAddrWindow
    st7735.o(i.ST7735_DrawFastHLine) refers to st7735.o(i.writedata) for writedata
    st7735.o(i.ST7735_DrawFastHLine) refers to st7735.o(.data) for _width
    st7735.o(i.ST7735_DrawFastVLine) refers to st7735.o(i.setAddrWindow) for setAddrWindow
    st7735.o(i.ST7735_DrawFastVLine) refers to st7735.o(i.writedata) for writedata
    st7735.o(i.ST7735_DrawFastVLine) refers to st7735.o(.data) for _width
    st7735.o(i.ST7735_DrawPixel) refers to st7735.o(i.setAddrWindow) for setAddrWindow
    st7735.o(i.ST7735_DrawPixel) refers to st7735.o(i.pushColor) for pushColor
    st7735.o(i.ST7735_DrawPixel) refers to st7735.o(.data) for _width
    st7735.o(i.ST7735_DrawString) refers to st7735.o(i.ST7735_DrawCharS) for ST7735_DrawCharS
    st7735.o(i.ST7735_FillRect) refers to st7735.o(i.setAddrWindow) for setAddrWindow
    st7735.o(i.ST7735_FillRect) refers to st7735.o(i.writedata) for writedata
    st7735.o(i.ST7735_FillRect) refers to st7735.o(.data) for _width
    st7735.o(i.ST7735_FillScreen) refers to st7735.o(i.ST7735_FillRect) for ST7735_FillRect
    st7735.o(i.ST7735_FillScreen) refers to st7735.o(.data) for _height
    st7735.o(i.ST7735_InitB) refers to st7735.o(i.commonInit) for commonInit
    st7735.o(i.ST7735_InitB) refers to st7735.o(i.ST7735_SetCursor) for ST7735_SetCursor
    st7735.o(i.ST7735_InitB) refers to st7735.o(i.ST7735_FillScreen) for ST7735_FillScreen
    st7735.o(i.ST7735_InitB) refers to st7735.o(.constdata) for Bcmd
    st7735.o(i.ST7735_InitB) refers to st7735.o(.data) for StTextColor
    st7735.o(i.ST7735_InitR) refers to st7735.o(i.commonInit) for commonInit
    st7735.o(i.ST7735_InitR) refers to st7735.o(i.commandList) for commandList
    st7735.o(i.ST7735_InitR) refers to st7735.o(i.writecommand) for writecommand
    st7735.o(i.ST7735_InitR) refers to st7735.o(i.writedata) for writedata
    st7735.o(i.ST7735_InitR) refers to st7735.o(i.ST7735_SetCursor) for ST7735_SetCursor
    st7735.o(i.ST7735_InitR) refers to st7735.o(i.ST7735_FillScreen) for ST7735_FillScreen
    st7735.o(i.ST7735_InitR) refers to st7735.o(.constdata) for Rcmd1
    st7735.o(i.ST7735_InitR) refers to st7735.o(.data) for ColStart
    st7735.o(i.ST7735_InvertDisplay) refers to st7735.o(i.writecommand) for writecommand
    st7735.o(i.ST7735_OutChar) refers to st7735.o(i.ST7735_DrawString) for ST7735_DrawString
    st7735.o(i.ST7735_OutChar) refers to st7735.o(i.ST7735_DrawCharS) for ST7735_DrawCharS
    st7735.o(i.ST7735_OutChar) refers to st7735.o(.data) for StY
    st7735.o(i.ST7735_OutString) refers to st7735.o(i.ST7735_OutChar) for ST7735_OutChar
    st7735.o(i.ST7735_OutUDec) refers to st7735.o(i.fillmessage) for fillmessage
    st7735.o(i.ST7735_OutUDec) refers to st7735.o(i.ST7735_DrawString) for ST7735_DrawString
    st7735.o(i.ST7735_OutUDec) refers to st7735.o(i.ST7735_DrawCharS) for ST7735_DrawCharS
    st7735.o(i.ST7735_OutUDec) refers to st7735.o(.data) for Messageindex
    st7735.o(i.ST7735_OutUDec) refers to st7735.o(.bss) for Message
    st7735.o(i.ST7735_PlotBar) refers to st7735.o(i.ST7735_DrawFastVLine) for ST7735_DrawFastVLine
    st7735.o(i.ST7735_PlotBar) refers to st7735.o(.data) for Ymin
    st7735.o(i.ST7735_PlotClear) refers to st7735.o(i.ST7735_Color565) for ST7735_Color565
    st7735.o(i.ST7735_PlotClear) refers to st7735.o(i.ST7735_FillRect) for ST7735_FillRect
    st7735.o(i.ST7735_PlotClear) refers to st7735.o(.data) for Ymax
    st7735.o(i.ST7735_PlotLine) refers to st7735.o(i.ST7735_DrawPixel) for ST7735_DrawPixel
    st7735.o(i.ST7735_PlotLine) refers to st7735.o(.data) for Ymin
    st7735.o(i.ST7735_PlotNext) refers to st7735.o(.data) for X
    st7735.o(i.ST7735_PlotNextErase) refers to st7735.o(i.ST7735_Color565) for ST7735_Color565
    st7735.o(i.ST7735_PlotNextErase) refers to st7735.o(i.ST7735_DrawFastVLine) for ST7735_DrawFastVLine
    st7735.o(i.ST7735_PlotNextErase) refers to st7735.o(.data) for X
    st7735.o(i.ST7735_PlotPoint) refers to st7735.o(i.ST7735_DrawPixel) for ST7735_DrawPixel
    st7735.o(i.ST7735_PlotPoint) refers to st7735.o(.data) for Ymin
    st7735.o(i.ST7735_PlotPoints) refers to st7735.o(i.ST7735_DrawPixel) for ST7735_DrawPixel
    st7735.o(i.ST7735_PlotPoints) refers to st7735.o(.data) for Ymin
    st7735.o(i.ST7735_PlotdBfs) refers to st7735.o(i.ST7735_DrawFastVLine) for ST7735_DrawFastVLine
    st7735.o(i.ST7735_PlotdBfs) refers to st7735.o(.constdata) for dBfs
    st7735.o(i.ST7735_PlotdBfs) refers to st7735.o(.data) for X
    st7735.o(i.ST7735_SetCursor) refers to st7735.o(.data) for StX
    st7735.o(i.ST7735_SetRotation) refers to st7735.o(i.writecommand) for writecommand
    st7735.o(i.ST7735_SetRotation) refers to st7735.o(i.writedata) for writedata
    st7735.o(i.ST7735_SetRotation) refers to st7735.o(.data) for Rotation
    st7735.o(i.ST7735_SetTextColor) refers to st7735.o(.data) for StTextColor
    st7735.o(i.commandList) refers to st7735.o(i.writecommand) for writecommand
    st7735.o(i.commandList) refers to st7735.o(i.writedata) for writedata
    st7735.o(i.commandList) refers to st7735.o(i.Delay1ms) for Delay1ms
    st7735.o(i.commonInit) refers to st7735.o(i.Delay1ms) for Delay1ms
    st7735.o(i.commonInit) refers to st7735.o(i.commandList) for commandList
    st7735.o(i.commonInit) refers to st7735.o(.data) for RowStart
    st7735.o(i.fillmessage) refers to st7735.o(.bss) for Message
    st7735.o(i.fillmessage) refers to st7735.o(.data) for Messageindex
    st7735.o(i.fputc) refers to st7735.o(i.ST7735_OutChar) for ST7735_OutChar
    st7735.o(i.pushColor) refers to st7735.o(i.writedata) for writedata
    st7735.o(i.setAddrWindow) refers to st7735.o(i.writecommand) for writecommand
    st7735.o(i.setAddrWindow) refers to st7735.o(i.writedata) for writedata
    st7735.o(i.setAddrWindow) refers to st7735.o(.data) for ColStart
    fixed.o(i.ST7735_XYplot) refers to st7735.o(i.ST7735_DrawPixel) for ST7735_DrawPixel
    fixed.o(i.ST7735_XYplot) refers to fixed.o(.data) for xMin
    fixed.o(i.ST7735_XYplotInit) refers to st7735.o(i.ST7735_PlotClear) for ST7735_PlotClear
    fixed.o(i.ST7735_XYplotInit) refers to st7735.o(i.ST7735_FillScreen) for ST7735_FillScreen
    fixed.o(i.ST7735_XYplotInit) refers to st7735.o(i.ST7735_SetCursor) for ST7735_SetCursor
    fixed.o(i.ST7735_XYplotInit) refers to st7735.o(i.ST7735_DrawString) for ST7735_DrawString
    fixed.o(i.ST7735_XYplotInit) refers to fixed.o(.data) for xMin
    fixed.o(i.ST7735_sDecOut3) refers to st7735.o(i.ST7735_OutString) for ST7735_OutString
    fixed.o(i.ST7735_sDecOut3) refers to st7735.o(i.ST7735_OutChar) for ST7735_OutChar
    fixed.o(i.ST7735_uBinOut8) refers to st7735.o(i.ST7735_OutString) for ST7735_OutString
    fixed.o(i.ST7735_uBinOut8) refers to st7735.o(i.ST7735_OutChar) for ST7735_OutChar
    entry.o(.ARM.Collect$$$$00000000) refers (Special) to entry10a.o(.ARM.Collect$$$$0000000D) for __rt_final_cpp
    entry.o(.ARM.Collect$$$$00000000) refers (Special) to entry11a.o(.ARM.Collect$$$$0000000F) for __rt_final_exit
    entry.o(.ARM.Collect$$$$00000000) refers (Special) to entry7b.o(.ARM.Collect$$$$00000008) for _main_clock
    entry.o(.ARM.Collect$$$$00000000) refers (Special) to entry8b.o(.ARM.Collect$$$$0000000A) for _main_cpp_init
    entry.o(.ARM.Collect$$$$00000000) refers (Special) to entry9a.o(.ARM.Collect$$$$0000000B) for _main_init
    entry.o(.ARM.Collect$$$$00000000) refers (Special) to entry5.o(.ARM.Collect$$$$00000004) for _main_scatterload
    entry.o(.ARM.Collect$$$$00000000) refers (Special) to entry2.o(.ARM.Collect$$$$00000001) for _main_stk
    dadd.o(.text) refers (Special) to iusefp.o(.text) for __I$use$fp
    dadd.o(.text) refers to llshl.o(.text) for __aeabi_llsl
    dadd.o(.text) refers to llsshr.o(.text) for __aeabi_lasr
    dadd.o(.text) refers to depilogue.o(.text) for _double_epilogue
    dmul.o(.text) refers (Special) to iusefp.o(.text) for __I$use$fp
    dmul.o(.text) refers to depilogue.o(.text) for _double_epilogue
    dflti.o(.text) refers (Special) to iusefp.o(.text) for __I$use$fp
    dflti.o(.text) refers to depilogue.o(.text) for _double_epilogue
    dfltui.o(.text) refers (Special) to iusefp.o(.text) for __I$use$fp
    dfltui.o(.text) refers to depilogue.o(.text) for _double_epilogue
    dfixui.o(.text) refers (Special) to iusefp.o(.text) for __I$use$fp
    dfixui.o(.text) refers to llushr.o(.text) for __aeabi_llsr
    entry2.o(.ARM.Collect$$$$00000001) refers to entry2.o(.ARM.Collect$$$$00002712) for __lit__00000000
    entry2.o(.ARM.Collect$$$$00002712) refers to startup.o(STACK) for __initial_sp
    entry2.o(__vectab_stack_and_reset_area) refers to startup.o(STACK) for __initial_sp
    entry2.o(__vectab_stack_and_reset_area) refers to entry.o(.ARM.Collect$$$$00000000) for __main
    entry5.o(.ARM.Collect$$$$00000004) refers to init.o(.text) for __scatterload
    entry9a.o(.ARM.Collect$$$$0000000B) refers to adctestmain.o(i.main) for main
    entry9b.o(.ARM.Collect$$$$0000000C) refers to adctestmain.o(i.main) for main
    depilogue.o(.text) refers to llshl.o(.text) for __aeabi_llsl
    depilogue.o(.text) refers to llushr.o(.text) for __aeabi_llsr
    init.o(.text) refers to entry5.o(.ARM.Collect$$$$00000004) for __main_after_scatterload


==============================================================================

Removing Unused input sections from the image.

    Removing startup.o(HEAP), (0 bytes).
    Removing adct0atrigger.o(i.ADC0_InitTimer0ATriggerSeq3PD3), (300 bytes).
    Removing uart.o(i.UART_InChar), (24 bytes).
    Removing st7735.o(i.Output_Clear), (10 bytes).
    Removing st7735.o(i.Output_Color), (12 bytes).
    Removing st7735.o(i.Output_Init), (16 bytes).
    Removing st7735.o(i.Output_Off), (8 bytes).
    Removing st7735.o(i.Output_On), (8 bytes).
    Removing st7735.o(i.ST7735_Color565), (24 bytes).
    Removing st7735.o(i.ST7735_DrawBitmap), (288 bytes).
    Removing st7735.o(i.ST7735_DrawChar), (268 bytes).
    Removing st7735.o(i.ST7735_DrawFastHLine), (124 bytes).
    Removing st7735.o(i.ST7735_DrawFastVLine), (124 bytes).
    Removing st7735.o(i.ST7735_InitB), (40 bytes).
    Removing st7735.o(i.ST7735_InvertDisplay), (22 bytes).
    Removing st7735.o(i.ST7735_PlotBar), (88 bytes).
    Removing st7735.o(i.ST7735_PlotClear), (92 bytes).
    Removing st7735.o(i.ST7735_PlotLine), (264 bytes).
    Removing st7735.o(i.ST7735_PlotNext), (32 bytes).
    Removing st7735.o(i.ST7735_PlotNextErase), (64 bytes).
    Removing st7735.o(i.ST7735_PlotPoint), (152 bytes).
    Removing st7735.o(i.ST7735_PlotPoints), (172 bytes).
    Removing st7735.o(i.ST7735_PlotdBfs), (60 bytes).
    Removing st7735.o(i.ST7735_SetRotation), (212 bytes).
    Removing st7735.o(i.ST7735_SetTextColor), (12 bytes).
    Removing st7735.o(i.ST7735_SwapColor), (18 bytes).
    Removing st7735.o(i.ferror), (8 bytes).
    Removing st7735.o(i.fgetc), (6 bytes).
    Removing st7735.o(i.fputc), (16 bytes).
    Removing fixed.o(i.ST7735_XYplot), (168 bytes).
    Removing fixed.o(i.ST7735_XYplotInit), (88 bytes).
    Removing fixed.o(i.ST7735_uBinOut8), (216 bytes).
    Removing fixed.o(.data), (16 bytes).

33 unused section(s) (total 2952 bytes) removed from the image.

==============================================================================

Image Symbol Table

    Local Symbols

    Symbol Name                              Value     Ov Type        Size  Object(Section)

    RESET                                    0x00000000   Section      644  startup.o(RESET)
    ../clib/microlib/init/entry.s            0x00000000   Number         0  entry10b.o ABSOLUTE
    ../clib/microlib/init/entry.s            0x00000000   Number         0  entry11a.o ABSOLUTE
    ../clib/microlib/init/entry.s            0x00000000   Number         0  entry.o ABSOLUTE
    ../clib/microlib/init/entry.s            0x00000000   Number         0  entry11b.o ABSOLUTE
    ../clib/microlib/init/entry.s            0x00000000   Number         0  entry10a.o ABSOLUTE
    ../clib/microlib/init/entry.s            0x00000000   Number         0  entry8b.o ABSOLUTE
    ../clib/microlib/init/entry.s            0x00000000   Number         0  entry2.o ABSOLUTE
    ../clib/microlib/init/entry.s            0x00000000   Number         0  entry5.o ABSOLUTE
    ../clib/microlib/init/entry.s            0x00000000   Number         0  entry7a.o ABSOLUTE
    ../clib/microlib/init/entry.s            0x00000000   Number         0  entry9b.o ABSOLUTE
    ../clib/microlib/init/entry.s            0x00000000   Number         0  entry7b.o ABSOLUTE
    ../clib/microlib/init/entry.s            0x00000000   Number         0  entry9a.o ABSOLUTE
    ../clib/microlib/init/entry.s            0x00000000   Number         0  entry8a.o ABSOLUTE
    ../clib/microlib/longlong.c              0x00000000   Number         0  llsshr.o ABSOLUTE
    ../clib/microlib/longlong.c              0x00000000   Number         0  llushr.o ABSOLUTE
    ../clib/microlib/longlong.c              0x00000000   Number         0  llshl.o ABSOLUTE
    ../clib/microlib/stubs.s                 0x00000000   Number         0  iusefp.o ABSOLUTE
    ../fplib/microlib/fpadd.c                0x00000000   Number         0  dadd.o ABSOLUTE
    ../fplib/microlib/fpepilogue.c           0x00000000   Number         0  depilogue.o ABSOLUTE
    ../fplib/microlib/fpfix.c                0x00000000   Number         0  dfixui.o ABSOLUTE
    ../fplib/microlib/fpflt.c                0x00000000   Number         0  dflti.o ABSOLUTE
    ../fplib/microlib/fpflt.c                0x00000000   Number         0  dfltui.o ABSOLUTE
    ../fplib/microlib/fpmul.c                0x00000000   Number         0  dmul.o ABSOLUTE
    ADCT0ATrigger.c                          0x00000000   Number         0  adct0atrigger.o ABSOLUTE
    ADCTestmain.c                            0x00000000   Number         0  adctestmain.o ABSOLUTE
    PLL.c                                    0x00000000   Number         0  pll.o ABSOLUTE
    ST7735.c                                 0x00000000   Number         0  st7735.o ABSOLUTE
    UART.c                                   0x00000000   Number         0  uart.o ABSOLUTE
    dc.s                                     0x00000000   Number         0  dc.o ABSOLUTE
    fixed.c                                  0x00000000   Number         0  fixed.o ABSOLUTE
    handlers.s                               0x00000000   Number         0  handlers.o ABSOLUTE
    init.s                                   0x00000000   Number         0  init.o ABSOLUTE
    startup.s                                0x00000000   Number         0  startup.o ABSOLUTE
    .ARM.Collect$$$$00000000                 0x00000284   Section        0  entry.o(.ARM.Collect$$$$00000000)
    .ARM.Collect$$$$00000001                 0x00000284   Section        4  entry2.o(.ARM.Collect$$$$00000001)
    .ARM.Collect$$$$00000004                 0x00000288   Section        4  entry5.o(.ARM.Collect$$$$00000004)
    .ARM.Collect$$$$00000008                 0x0000028c   Section        0  entry7b.o(.ARM.Collect$$$$00000008)
    .ARM.Collect$$$$0000000A                 0x0000028c   Section        0  entry8b.o(.ARM.Collect$$$$0000000A)
    .ARM.Collect$$$$0000000B                 0x0000028c   Section        8  entry9a.o(.ARM.Collect$$$$0000000B)
    .ARM.Collect$$$$0000000D                 0x00000294   Section        0  entry10a.o(.ARM.Collect$$$$0000000D)
    .ARM.Collect$$$$0000000F                 0x00000294   Section        0  entry11a.o(.ARM.Collect$$$$0000000F)
    .ARM.Collect$$$$00002712                 0x00000294   Section        4  entry2.o(.ARM.Collect$$$$00002712)
    __lit__00000000                          0x00000294   Data           4  entry2.o(.ARM.Collect$$$$00002712)
    .text                                    0x00000298   Section       28  startup.o(.text)
    .text                                    0x000002b4   Section        0  dadd.o(.text)
    .text                                    0x00000402   Section        0  dmul.o(.text)
    .text                                    0x000004e6   Section        0  dflti.o(.text)
    .text                                    0x00000508   Section        0  dfltui.o(.text)
    .text                                    0x00000522   Section        0  dfixui.o(.text)
    .text                                    0x00000554   Section        0  llshl.o(.text)
    .text                                    0x00000572   Section        0  llushr.o(.text)
    .text                                    0x00000592   Section        0  llsshr.o(.text)
    .text                                    0x000005b6   Section        0  iusefp.o(.text)
    .text                                    0x000005b6   Section        0  depilogue.o(.text)
    .text                                    0x00000674   Section       36  init.o(.text)
    i.ADC0Seq3_Handler                       0x00000698   Section        0  adct0atrigger.o(i.ADC0Seq3_Handler)
    i.ADC0_InitTimer0ATriggerSeq3            0x000006b4   Section        0  adct0atrigger.o(i.ADC0_InitTimer0ATriggerSeq3)
    i.ADC_to_temp                            0x00000ae0   Section        0  adctestmain.o(i.ADC_to_temp)
    i.Delay1ms                               0x00000c68   Section        0  st7735.o(i.Delay1ms)
    i.PLL_Init                               0x00000c88   Section        0  pll.o(i.PLL_Init)
    i.ST7735_DrawCharS                       0x00000d04   Section        0  st7735.o(i.ST7735_DrawCharS)
    i.ST7735_DrawPixel                       0x00000df8   Section        0  st7735.o(i.ST7735_DrawPixel)
    i.ST7735_DrawString                      0x00000e40   Section        0  st7735.o(i.ST7735_DrawString)
    i.ST7735_FillRect                        0x00000e94   Section        0  st7735.o(i.ST7735_FillRect)
    i.ST7735_FillScreen                      0x00000f40   Section        0  st7735.o(i.ST7735_FillScreen)
    i.ST7735_InitR                           0x00000f64   Section        0  st7735.o(i.ST7735_InitR)
    i.ST7735_OutChar                         0x00000fe0   Section        0  st7735.o(i.ST7735_OutChar)
    i.ST7735_OutString                       0x000010b4   Section        0  st7735.o(i.ST7735_OutString)
    i.ST7735_OutUDec                         0x000010cc   Section        0  st7735.o(i.ST7735_OutUDec)
    i.ST7735_SetCursor                       0x00001158   Section        0  st7735.o(i.ST7735_SetCursor)
    i.ST7735_sDecOut3                        0x00001178   Section        0  fixed.o(i.ST7735_sDecOut3)
    i.UART_Init                              0x0000123c   Section        0  uart.o(i.UART_Init)
    i.UART_OutChar                           0x000012c4   Section        0  uart.o(i.UART_OutChar)
    i.UART_OutString                         0x000012dc   Section        0  uart.o(i.UART_OutString)
    i.UART_OutUDec                           0x000012f2   Section        0  uart.o(i.UART_OutUDec)
    i.__scatterload_copy                     0x0000131c   Section       14  handlers.o(i.__scatterload_copy)
    i.__scatterload_null                     0x0000132a   Section        2  handlers.o(i.__scatterload_null)
    i.__scatterload_zeroinit                 0x0000132c   Section       14  handlers.o(i.__scatterload_zeroinit)
    i.commandList                            0x0000133a   Section        0  st7735.o(i.commandList)
    commandList                              0x0000133b   Thumb Code    86  st7735.o(i.commandList)
    i.commonInit                             0x00001390   Section        0  st7735.o(i.commonInit)
    commonInit                               0x00001391   Thumb Code   340  st7735.o(i.commonInit)
    i.draw_data                              0x00001514   Section        0  adctestmain.o(i.draw_data)
    i.fillmessage                            0x00001564   Section        0  st7735.o(i.fillmessage)
    i.main                                   0x000015ac   Section        0  adctestmain.o(i.main)
    i.print_screen                           0x00001698   Section        0  adctestmain.o(i.print_screen)
    i.pushColor                              0x000016f4   Section        0  st7735.o(i.pushColor)
    pushColor                                0x000016f5   Thumb Code    18  st7735.o(i.pushColor)
    i.setAddrWindow                          0x00001708   Section        0  st7735.o(i.setAddrWindow)
    setAddrWindow                            0x00001709   Thumb Code   106  st7735.o(i.setAddrWindow)
    i.writecommand                           0x0000177c   Section        0  st7735.o(i.writecommand)
    writecommand                             0x0000177d   Thumb Code    40  st7735.o(i.writecommand)
    i.writedata                              0x000017ac   Section        0  st7735.o(i.writedata)
    writedata                                0x000017ad   Thumb Code    24  st7735.o(i.writedata)
    .constdata                               0x000017cc   Section      212  adctestmain.o(.constdata)
    .constdata                               0x000018a0   Section     2018  st7735.o(.constdata)
    Font                                     0x000018a0   Data        1275  st7735.o(.constdata)
    Bcmd                                     0x00001d9b   Data         103  st7735.o(.constdata)
    Rcmd1                                    0x00001e02   Data          59  st7735.o(.constdata)
    Rcmd2green                               0x00001e3d   Data          13  st7735.o(.constdata)
    Rcmd2red                                 0x00001e4a   Data          13  st7735.o(.constdata)
    Rcmd3                                    0x00001e57   Data          43  st7735.o(.constdata)
    .data                                    0x20000000   Section        8  adct0atrigger.o(.data)
    .data                                    0x20000008   Section        4  adctestmain.o(.data)
    .data                                    0x2000000c   Section       44  st7735.o(.data)
    _width                                   0x20000016   Data           2  st7735.o(.data)
    _height                                  0x20000018   Data           2  st7735.o(.data)
    ColStart                                 0x20000020   Data           1  st7735.o(.data)
    RowStart                                 0x20000021   Data           1  st7735.o(.data)
    Rotation                                 0x20000022   Data           1  st7735.o(.data)
    TabColor                                 0x20000023   Data           1  st7735.o(.data)
    .bss                                     0x20000038   Section       12  st7735.o(.bss)
    STACK                                    0x20000048   Section     1024  startup.o(STACK)
    StackMem                                 0x20000048   Data           0  startup.o(STACK)

    Global Symbols

    Symbol Name                              Value     Ov Type        Size  Object(Section)

    BuildAttributes$$THM_ISAv4$E$P$D$K$B$S$7EM$PE$A:L22UL41UL21$X:L11$S22US41US21$IEEE1$IW$USESV6$~STKCKD$USESV7$~SHL$OSPACE$ROPI$EBA8$MICROLIB$REQ8$PRES8$EABIv2 0x00000000   Number         0  anon$$obj.o ABSOLUTE
    __ARM_use_no_argv                        0x00000000   Number         0  adctestmain.o ABSOLUTE
    __Vectors                                0x00000000   Data           0  startup.o(RESET)
    __cpp_initialize__aeabi_                  - Undefined Weak Reference
    __cxa_finalize                            - Undefined Weak Reference
    __decompress                              - Undefined Weak Reference
    _clock_init                               - Undefined Weak Reference
    _microlib_exit                            - Undefined Weak Reference
    Reset_Handler                            0x0000026d   Thumb Code     0  startup.o(RESET)
    NMI_Handler                              0x00000271   Thumb Code     2  startup.o(RESET)
    HardFault_Handler                        0x00000273   Thumb Code     2  startup.o(RESET)
    MemManage_Handler                        0x00000275   Thumb Code     2  startup.o(RESET)
    BusFault_Handler                         0x00000277   Thumb Code     2  startup.o(RESET)
    UsageFault_Handler                       0x00000279   Thumb Code     2  startup.o(RESET)
    SVC_Handler                              0x0000027b   Thumb Code     2  startup.o(RESET)
    DebugMon_Handler                         0x0000027d   Thumb Code     2  startup.o(RESET)
    PendSV_Handler                           0x0000027f   Thumb Code     2  startup.o(RESET)
    SysTick_Handler                          0x00000281   Thumb Code     2  startup.o(RESET)
    ADC0Seq0_Handler                         0x00000283   Thumb Code     0  startup.o(RESET)
    ADC0Seq1_Handler                         0x00000283   Thumb Code     0  startup.o(RESET)
    ADC0Seq2_Handler                         0x00000283   Thumb Code     0  startup.o(RESET)
    ADC1Seq0_Handler                         0x00000283   Thumb Code     0  startup.o(RESET)
    ADC1Seq1_Handler                         0x00000283   Thumb Code     0  startup.o(RESET)
    ADC1Seq2_Handler                         0x00000283   Thumb Code     0  startup.o(RESET)
    ADC1Seq3_Handler                         0x00000283   Thumb Code     0  startup.o(RESET)
    CAN0_Handler                             0x00000283   Thumb Code     0  startup.o(RESET)
    CAN1_Handler                             0x00000283   Thumb Code     0  startup.o(RESET)
    CAN2_Handler                             0x00000283   Thumb Code     0  startup.o(RESET)
    Comp0_Handler                            0x00000283   Thumb Code     0  startup.o(RESET)
    Comp1_Handler                            0x00000283   Thumb Code     0  startup.o(RESET)
    Comp2_Handler                            0x00000283   Thumb Code     0  startup.o(RESET)
    Ethernet_Handler                         0x00000283   Thumb Code     0  startup.o(RESET)
    ExtBus_Handler                           0x00000283   Thumb Code     0  startup.o(RESET)
    FPU_Handler                              0x00000283   Thumb Code     0  startup.o(RESET)
    Fan0_Handler                             0x00000283   Thumb Code     0  startup.o(RESET)
    FlashCtl_Handler                         0x00000283   Thumb Code     0  startup.o(RESET)
    GPIOPortA_Handler                        0x00000283   Thumb Code     0  startup.o(RESET)
    GPIOPortB_Handler                        0x00000283   Thumb Code     0  startup.o(RESET)
    GPIOPortC_Handler                        0x00000283   Thumb Code     0  startup.o(RESET)
    GPIOPortD_Handler                        0x00000283   Thumb Code     0  startup.o(RESET)
    GPIOPortE_Handler                        0x00000283   Thumb Code     0  startup.o(RESET)
    GPIOPortF_Handler                        0x00000283   Thumb Code     0  startup.o(RESET)
    GPIOPortG_Handler                        0x00000283   Thumb Code     0  startup.o(RESET)
    GPIOPortH_Handler                        0x00000283   Thumb Code     0  startup.o(RESET)
    GPIOPortJ_Handler                        0x00000283   Thumb Code     0  startup.o(RESET)
    GPIOPortK_Handler                        0x00000283   Thumb Code     0  startup.o(RESET)
    GPIOPortL_Handler                        0x00000283   Thumb Code     0  startup.o(RESET)
    GPIOPortM_Handler                        0x00000283   Thumb Code     0  startup.o(RESET)
    GPIOPortN_Handler                        0x00000283   Thumb Code     0  startup.o(RESET)
    GPIOPortP1_Handler                       0x00000283   Thumb Code     0  startup.o(RESET)
    GPIOPortP2_Handler                       0x00000283   Thumb Code     0  startup.o(RESET)
    GPIOPortP3_Handler                       0x00000283   Thumb Code     0  startup.o(RESET)
    GPIOPortP4_Handler                       0x00000283   Thumb Code     0  startup.o(RESET)
    GPIOPortP5_Handler                       0x00000283   Thumb Code     0  startup.o(RESET)
    GPIOPortP6_Handler                       0x00000283   Thumb Code     0  startup.o(RESET)
    GPIOPortP7_Handler                       0x00000283   Thumb Code     0  startup.o(RESET)
    GPIOPortP_Handler                        0x00000283   Thumb Code     0  startup.o(RESET)
    GPIOPortQ1_Handler                       0x00000283   Thumb Code     0  startup.o(RESET)
    GPIOPortQ2_Handler                       0x00000283   Thumb Code     0  startup.o(RESET)
    GPIOPortQ3_Handler                       0x00000283   Thumb Code     0  startup.o(RESET)
    GPIOPortQ4_Handler                       0x00000283   Thumb Code     0  startup.o(RESET)
    GPIOPortQ5_Handler                       0x00000283   Thumb Code     0  startup.o(RESET)
    GPIOPortQ6_Handler                       0x00000283   Thumb Code     0  startup.o(RESET)
    GPIOPortQ7_Handler                       0x00000283   Thumb Code     0  startup.o(RESET)
    GPIOPortQ_Handler                        0x00000283   Thumb Code     0  startup.o(RESET)
    GPIOPortR_Handler                        0x00000283   Thumb Code     0  startup.o(RESET)
    GPIOPortS_Handler                        0x00000283   Thumb Code     0  startup.o(RESET)
    Hibernate_Handler                        0x00000283   Thumb Code     0  startup.o(RESET)
    I2C0_Handler                             0x00000283   Thumb Code     0  startup.o(RESET)
    I2C1_Handler                             0x00000283   Thumb Code     0  startup.o(RESET)
    I2C2_Handler                             0x00000283   Thumb Code     0  startup.o(RESET)
    I2C3_Handler                             0x00000283   Thumb Code     0  startup.o(RESET)
    I2C4_Handler                             0x00000283   Thumb Code     0  startup.o(RESET)
    I2C5_Handler                             0x00000283   Thumb Code     0  startup.o(RESET)
    I2S0_Handler                             0x00000283   Thumb Code     0  startup.o(RESET)
    LPC0_Handler                             0x00000283   Thumb Code     0  startup.o(RESET)
    PECI0_Handler                            0x00000283   Thumb Code     0  startup.o(RESET)
    PWM0Fault_Handler                        0x00000283   Thumb Code     0  startup.o(RESET)
    PWM0Generator0_Handler                   0x00000283   Thumb Code     0  startup.o(RESET)
    PWM0Generator1_Handler                   0x00000283   Thumb Code     0  startup.o(RESET)
    PWM0Generator2_Handler                   0x00000283   Thumb Code     0  startup.o(RESET)
    PWM0Generator3_Handler                   0x00000283   Thumb Code     0  startup.o(RESET)
    PWM1Fault_Handler                        0x00000283   Thumb Code     0  startup.o(RESET)
    PWM1Generator0_Handler                   0x00000283   Thumb Code     0  startup.o(RESET)
    PWM1Generator1_Handler                   0x00000283   Thumb Code     0  startup.o(RESET)
    PWM1Generator2_Handler                   0x00000283   Thumb Code     0  startup.o(RESET)
    PWM1Generator3_Handler                   0x00000283   Thumb Code     0  startup.o(RESET)
    Quadrature0_Handler                      0x00000283   Thumb Code     0  startup.o(RESET)
    Quadrature1_Handler                      0x00000283   Thumb Code     0  startup.o(RESET)
    Quadrature2_Handler                      0x00000283   Thumb Code     0  startup.o(RESET)
    SSI0_Handler                             0x00000283   Thumb Code     0  startup.o(RESET)
    SSI1_Handler                             0x00000283   Thumb Code     0  startup.o(RESET)
    SSI2_Handler                             0x00000283   Thumb Code     0  startup.o(RESET)
    SSI3_Handler                             0x00000283   Thumb Code     0  startup.o(RESET)
    SysCtl_Handler                           0x00000283   Thumb Code     0  startup.o(RESET)
    Timer0A_Handler                          0x00000283   Thumb Code     0  startup.o(RESET)
    Timer0B_Handler                          0x00000283   Thumb Code     0  startup.o(RESET)
    Timer1A_Handler                          0x00000283   Thumb Code     0  startup.o(RESET)
    Timer1B_Handler                          0x00000283   Thumb Code     0  startup.o(RESET)
    Timer2A_Handler                          0x00000283   Thumb Code     0  startup.o(RESET)
    Timer2B_Handler                          0x00000283   Thumb Code     0  startup.o(RESET)
    Timer3A_Handler                          0x00000283   Thumb Code     0  startup.o(RESET)
    Timer3B_Handler                          0x00000283   Thumb Code     0  startup.o(RESET)
    Timer4A_Handler                          0x00000283   Thumb Code     0  startup.o(RESET)
    Timer4B_Handler                          0x00000283   Thumb Code     0  startup.o(RESET)
    Timer5A_Handler                          0x00000283   Thumb Code     0  startup.o(RESET)
    Timer5B_Handler                          0x00000283   Thumb Code     0  startup.o(RESET)
    UART0_Handler                            0x00000283   Thumb Code     0  startup.o(RESET)
    UART1_Handler                            0x00000283   Thumb Code     0  startup.o(RESET)
    UART2_Handler                            0x00000283   Thumb Code     0  startup.o(RESET)
    UART3_Handler                            0x00000283   Thumb Code     0  startup.o(RESET)
    UART4_Handler                            0x00000283   Thumb Code     0  startup.o(RESET)
    UART5_Handler                            0x00000283   Thumb Code     0  startup.o(RESET)
    UART6_Handler                            0x00000283   Thumb Code     0  startup.o(RESET)
    UART7_Handler                            0x00000283   Thumb Code     0  startup.o(RESET)
    USB0_Handler                             0x00000283   Thumb Code     0  startup.o(RESET)
    WDT_Handler                              0x00000283   Thumb Code     0  startup.o(RESET)
    WideTimer0A_Handler                      0x00000283   Thumb Code     0  startup.o(RESET)
    WideTimer0B_Handler                      0x00000283   Thumb Code     0  startup.o(RESET)
    WideTimer1A_Handler                      0x00000283   Thumb Code     0  startup.o(RESET)
    WideTimer1B_Handler                      0x00000283   Thumb Code     0  startup.o(RESET)
    WideTimer2A_Handler                      0x00000283   Thumb Code     0  startup.o(RESET)
    WideTimer2B_Handler                      0x00000283   Thumb Code     0  startup.o(RESET)
    WideTimer3A_Handler                      0x00000283   Thumb Code     0  startup.o(RESET)
    WideTimer3B_Handler                      0x00000283   Thumb Code     0  startup.o(RESET)
    WideTimer4A_Handler                      0x00000283   Thumb Code     0  startup.o(RESET)
    WideTimer4B_Handler                      0x00000283   Thumb Code     0  startup.o(RESET)
    WideTimer5A_Handler                      0x00000283   Thumb Code     0  startup.o(RESET)
    WideTimer5B_Handler                      0x00000283   Thumb Code     0  startup.o(RESET)
    uDMA_Error                               0x00000283   Thumb Code     0  startup.o(RESET)
    uDMA_Handler                             0x00000283   Thumb Code     0  startup.o(RESET)
    __main                                   0x00000285   Thumb Code     0  entry.o(.ARM.Collect$$$$00000000)
    _main_stk                                0x00000285   Thumb Code     0  entry2.o(.ARM.Collect$$$$00000001)
    _main_scatterload                        0x00000289   Thumb Code     0  entry5.o(.ARM.Collect$$$$00000004)
    __main_after_scatterload                 0x0000028d   Thumb Code     0  entry5.o(.ARM.Collect$$$$00000004)
    _main_clock                              0x0000028d   Thumb Code     0  entry7b.o(.ARM.Collect$$$$00000008)
    _main_cpp_init                           0x0000028d   Thumb Code     0  entry8b.o(.ARM.Collect$$$$0000000A)
    _main_init                               0x0000028d   Thumb Code     0  entry9a.o(.ARM.Collect$$$$0000000B)
    __rt_final_cpp                           0x00000295   Thumb Code     0  entry10a.o(.ARM.Collect$$$$0000000D)
    __rt_final_exit                          0x00000295   Thumb Code     0  entry11a.o(.ARM.Collect$$$$0000000F)
    DisableInterrupts                        0x00000299   Thumb Code     0  startup.o(.text)
    EnableInterrupts                         0x0000029d   Thumb Code     0  startup.o(.text)
    StartCritical                            0x000002a1   Thumb Code     0  startup.o(.text)
    EndCritical                              0x000002a9   Thumb Code     0  startup.o(.text)
    WaitForInterrupt                         0x000002af   Thumb Code     0  startup.o(.text)
    __aeabi_dadd                             0x000002b5   Thumb Code   322  dadd.o(.text)
    __aeabi_dsub                             0x000003f7   Thumb Code     6  dadd.o(.text)
    __aeabi_drsub                            0x000003fd   Thumb Code     6  dadd.o(.text)
    __aeabi_dmul                             0x00000403   Thumb Code   228  dmul.o(.text)
    __aeabi_i2d                              0x000004e7   Thumb Code    34  dflti.o(.text)
    __aeabi_ui2d                             0x00000509   Thumb Code    26  dfltui.o(.text)
    __aeabi_d2uiz                            0x00000523   Thumb Code    50  dfixui.o(.text)
    __aeabi_llsl                             0x00000555   Thumb Code    30  llshl.o(.text)
    _ll_shift_l                              0x00000555   Thumb Code     0  llshl.o(.text)
    __aeabi_llsr                             0x00000573   Thumb Code    32  llushr.o(.text)
    _ll_ushift_r                             0x00000573   Thumb Code     0  llushr.o(.text)
    __aeabi_lasr                             0x00000593   Thumb Code    36  llsshr.o(.text)
    _ll_sshift_r                             0x00000593   Thumb Code     0  llsshr.o(.text)
    __I$use$fp                               0x000005b7   Thumb Code     0  iusefp.o(.text)
    _double_round                            0x000005b7   Thumb Code    26  depilogue.o(.text)
    _double_epilogue                         0x000005d1   Thumb Code   164  depilogue.o(.text)
    __scatterload                            0x00000675   Thumb Code    28  init.o(.text)
    __scatterload_rt2                        0x00000675   Thumb Code     0  init.o(.text)
    ADC0Seq3_Handler                         0x00000699   Thumb Code    16  adct0atrigger.o(i.ADC0Seq3_Handler)
    ADC0_InitTimer0ATriggerSeq3              0x000006b5   Thumb Code  1014  adct0atrigger.o(i.ADC0_InitTimer0ATriggerSeq3)
    ADC_to_temp                              0x00000ae1   Thumb Code   358  adctestmain.o(i.ADC_to_temp)
    Delay1ms                                 0x00000c69   Thumb Code    32  st7735.o(i.Delay1ms)
    PLL_Init                                 0x00000c89   Thumb Code   118  pll.o(i.PLL_Init)
    ST7735_DrawCharS                         0x00000d05   Thumb Code   232  st7735.o(i.ST7735_DrawCharS)
    ST7735_DrawPixel                         0x00000df9   Thumb Code    64  st7735.o(i.ST7735_DrawPixel)
    ST7735_DrawString                        0x00000e41   Thumb Code    84  st7735.o(i.ST7735_DrawString)
    ST7735_FillRect                          0x00000e95   Thumb Code   164  st7735.o(i.ST7735_FillRect)
    ST7735_FillScreen                        0x00000f41   Thumb Code    28  st7735.o(i.ST7735_FillScreen)
    ST7735_InitR                             0x00000f65   Thumb Code    90  st7735.o(i.ST7735_InitR)
    ST7735_OutChar                           0x00000fe1   Thumb Code   176  st7735.o(i.ST7735_OutChar)
    ST7735_OutString                         0x000010b5   Thumb Code    22  st7735.o(i.ST7735_OutString)
    ST7735_OutUDec                           0x000010cd   Thumb Code   118  st7735.o(i.ST7735_OutUDec)
    ST7735_SetCursor                         0x00001159   Thumb Code    22  st7735.o(i.ST7735_SetCursor)
    ST7735_sDecOut3                          0x00001179   Thumb Code   182  fixed.o(i.ST7735_sDecOut3)
    UART_Init                                0x0000123d   Thumb Code   118  uart.o(i.UART_Init)
    UART_OutChar                             0x000012c5   Thumb Code    18  uart.o(i.UART_OutChar)
    UART_OutString                           0x000012dd   Thumb Code    22  uart.o(i.UART_OutString)
    UART_OutUDec                             0x000012f3   Thumb Code    42  uart.o(i.UART_OutUDec)
    __scatterload_copy                       0x0000131d   Thumb Code    14  handlers.o(i.__scatterload_copy)
    __scatterload_null                       0x0000132b   Thumb Code     2  handlers.o(i.__scatterload_null)
    __scatterload_zeroinit                   0x0000132d   Thumb Code    14  handlers.o(i.__scatterload_zeroinit)
    draw_data                                0x00001515   Thumb Code    76  adctestmain.o(i.draw_data)
    fillmessage                              0x00001565   Thumb Code    64  st7735.o(i.fillmessage)
    main                                     0x000015ad   Thumb Code   194  adctestmain.o(i.main)
    print_screen                             0x00001699   Thumb Code    54  adctestmain.o(i.print_screen)
    ADCdata                                  0x000017cc   Data         106  adctestmain.o(.constdata)
    Temperature                              0x00001836   Data         106  adctestmain.o(.constdata)
    dBfs                                     0x00001e82   Data         512  st7735.o(.constdata)
    Region$$Table$$Base                      0x00002084   Number         0  anon$$obj.o(Region$$Table)
    Region$$Table$$Limit                     0x000020a4   Number         0  anon$$obj.o(Region$$Table)
    i                                        0x20000000   Data           4  adct0atrigger.o(.data)
    ADCvalue                                 0x20000004   Data           4  adct0atrigger.o(.data)
    plotX                                    0x20000008   Data           4  adctestmain.o(.data)
    StX                                      0x2000000c   Data           4  st7735.o(.data)
    StY                                      0x20000010   Data           4  st7735.o(.data)
    StTextColor                              0x20000014   Data           2  st7735.o(.data)
    lastj                                    0x2000001c   Data           4  st7735.o(.data)
    Messageindex                             0x20000024   Data           4  st7735.o(.data)
    Ymax                                     0x20000028   Data           4  st7735.o(.data)
    Ymin                                     0x2000002c   Data           4  st7735.o(.data)
    X                                        0x20000030   Data           4  st7735.o(.data)
    Yrange                                   0x20000034   Data           4  st7735.o(.data)
    Message                                  0x20000038   Data          12  st7735.o(.bss)
    __initial_sp                             0x20000448   Data           0  startup.o(STACK)



==============================================================================

Memory Map of the image

  Image Entry point : 0x0000026d

  Load Region LR_1 (Base: 0x00000000, Size: 0x000020dc, Max: 0xffffffff, ABSOLUTE)

    Execution Region ER_RO (Base: 0x00000000, Size: 0x000020a4, Max: 0xffffffff, ABSOLUTE)

    Base Addr    Size         Type   Attr      Idx    E Section Name        Object

    0x00000000   0x00000284   Code   RO            3  * RESET               startup.o
    0x00000284   0x00000000   Code   RO          446  * .ARM.Collect$$$$00000000  mc_w.l(entry.o)
    0x00000284   0x00000004   Code   RO          459    .ARM.Collect$$$$00000001  mc_w.l(entry2.o)
    0x00000288   0x00000004   Code   RO          462    .ARM.Collect$$$$00000004  mc_w.l(entry5.o)
    0x0000028c   0x00000000   Code   RO          464    .ARM.Collect$$$$00000008  mc_w.l(entry7b.o)
    0x0000028c   0x00000000   Code   RO          466    .ARM.Collect$$$$0000000A  mc_w.l(entry8b.o)
    0x0000028c   0x00000008   Code   RO          467    .ARM.Collect$$$$0000000B  mc_w.l(entry9a.o)
    0x00000294   0x00000000   Code   RO          469    .ARM.Collect$$$$0000000D  mc_w.l(entry10a.o)
    0x00000294   0x00000000   Code   RO          471    .ARM.Collect$$$$0000000F  mc_w.l(entry11a.o)
    0x00000294   0x00000004   Code   RO          460    .ARM.Collect$$$$00002712  mc_w.l(entry2.o)
    0x00000298   0x0000001c   Code   RO            4    .text               startup.o
    0x000002b4   0x0000014e   Code   RO          449    .text               mf_w.l(dadd.o)
    0x00000402   0x000000e4   Code   RO          451    .text               mf_w.l(dmul.o)
    0x000004e6   0x00000022   Code   RO          453    .text               mf_w.l(dflti.o)
    0x00000508   0x0000001a   Code   RO          455    .text               mf_w.l(dfltui.o)
    0x00000522   0x00000032   Code   RO          457    .text               mf_w.l(dfixui.o)
    0x00000554   0x0000001e   Code   RO          473    .text               mc_w.l(llshl.o)
    0x00000572   0x00000020   Code   RO          475    .text               mc_w.l(llushr.o)
    0x00000592   0x00000024   Code   RO          477    .text               mc_w.l(llsshr.o)
    0x000005b6   0x00000000   Code   RO          479    .text               mc_w.l(iusefp.o)
    0x000005b6   0x000000be   Code   RO          480    .text               mf_w.l(depilogue.o)
    0x00000674   0x00000024   Code   RO          482    .text               mc_w.l(init.o)
    0x00000698   0x0000001c   Code   RO           12    i.ADC0Seq3_Handler  adct0atrigger.o
    0x000006b4   0x0000042c   Code   RO           13    i.ADC0_InitTimer0ATriggerSeq3  adct0atrigger.o
    0x00000ae0   0x00000188   Code   RO           49    i.ADC_to_temp       adctestmain.o
    0x00000c68   0x00000020   Code   RO          141    i.Delay1ms          st7735.o
    0x00000c88   0x0000007c   Code   RO           93    i.PLL_Init          pll.o
    0x00000d04   0x000000f4   Code   RO          150    i.ST7735_DrawCharS  st7735.o
    0x00000df8   0x00000048   Code   RO          153    i.ST7735_DrawPixel  st7735.o
    0x00000e40   0x00000054   Code   RO          154    i.ST7735_DrawString  st7735.o
    0x00000e94   0x000000ac   Code   RO          155    i.ST7735_FillRect   st7735.o
    0x00000f40   0x00000024   Code   RO          156    i.ST7735_FillScreen  st7735.o
    0x00000f64   0x0000007c   Code   RO          158    i.ST7735_InitR      st7735.o
    0x00000fe0   0x000000d4   Code   RO          160    i.ST7735_OutChar    st7735.o
    0x000010b4   0x00000016   Code   RO          161    i.ST7735_OutString  st7735.o
    0x000010ca   0x00000002   PAD
    0x000010cc   0x0000008c   Code   RO          162    i.ST7735_OutUDec    st7735.o
    0x00001158   0x00000020   Code   RO          171    i.ST7735_SetCursor  st7735.o
    0x00001178   0x000000c4   Code   RO          416    i.ST7735_sDecOut3   fixed.o
    0x0000123c   0x00000088   Code   RO          106    i.UART_Init         uart.o
    0x000012c4   0x00000018   Code   RO          107    i.UART_OutChar      uart.o
    0x000012dc   0x00000016   Code   RO          108    i.UART_OutString    uart.o
    0x000012f2   0x0000002a   Code   RO          109    i.UART_OutUDec      uart.o
    0x0000131c   0x0000000e   Code   RO          486    i.__scatterload_copy  mc_w.l(handlers.o)
    0x0000132a   0x00000002   Code   RO          487    i.__scatterload_null  mc_w.l(handlers.o)
    0x0000132c   0x0000000e   Code   RO          488    i.__scatterload_zeroinit  mc_w.l(handlers.o)
    0x0000133a   0x00000056   Code   RO          175    i.commandList       st7735.o
    0x00001390   0x00000184   Code   RO          176    i.commonInit        st7735.o
    0x00001514   0x00000050   Code   RO           50    i.draw_data         adctestmain.o
    0x00001564   0x00000048   Code   RO          179    i.fillmessage       st7735.o
    0x000015ac   0x000000ec   Code   RO           51    i.main              adctestmain.o
    0x00001698   0x0000005c   Code   RO           52    i.print_screen      adctestmain.o
    0x000016f4   0x00000012   Code   RO          181    i.pushColor         st7735.o
    0x00001706   0x00000002   PAD
    0x00001708   0x00000074   Code   RO          182    i.setAddrWindow     st7735.o
    0x0000177c   0x00000030   Code   RO          183    i.writecommand      st7735.o
    0x000017ac   0x00000020   Code   RO          184    i.writedata         st7735.o
    0x000017cc   0x000000d4   Data   RO           53    .constdata          adctestmain.o
    0x000018a0   0x000007e2   Data   RO          186    .constdata          st7735.o
    0x00002082   0x00000002   PAD
    0x00002084   0x00000020   Data   RO          484    Region$$Table       anon$$obj.o


    Execution Region ER_RW (Base: 0x20000000, Size: 0x00000038, Max: 0xffffffff, ABSOLUTE)

    Base Addr    Size         Type   Attr      Idx    E Section Name        Object

    0x20000000   0x00000008   Data   RW           15    .data               adct0atrigger.o
    0x20000008   0x00000004   Data   RW           54    .data               adctestmain.o
    0x2000000c   0x0000002c   Data   RW          187    .data               st7735.o


    Execution Region ER_ZI (Base: 0x20000038, Size: 0x00000410, Max: 0xffffffff, ABSOLUTE)

    Base Addr    Size         Type   Attr      Idx    E Section Name        Object

    0x20000038   0x0000000c   Zero   RW          185    .bss                st7735.o
    0x20000044   0x00000004   PAD
    0x20000048   0x00000400   Zero   RW            1    STACK               startup.o


==============================================================================

Image component sizes


      Code (inc. data)   RO Data    RW Data    ZI Data      Debug   Object Name

      1096         90          0          8          0       6742   adct0atrigger.o
       800        118        212          4          0       3028   adctestmain.o
       196         14          0          0          0        458   fixed.o
       124          6          0          0          0        395   pll.o
      1930        220       2018         44         12      12145   st7735.o
       672        622          0          0       1024        852   startup.o
       224         24          0          0          0       1543   uart.o

    ----------------------------------------------------------------------
      5046       1094       2264         56       1040      25163   Object Totals
         0          0         32          0          0          0   (incl. Generated)
         4          0          2          0          4          0   (incl. Padding)

    ----------------------------------------------------------------------

      Code (inc. data)   RO Data    RW Data    ZI Data      Debug   Library Member Name

         0          0          0          0          0          0   entry.o
         0          0          0          0          0          0   entry10a.o
         0          0          0          0          0          0   entry11a.o
         8          4          0          0          0          0   entry2.o
         4          0          0          0          0          0   entry5.o
         0          0          0          0          0          0   entry7b.o
         0          0          0          0          0          0   entry8b.o
         8          4          0          0          0          0   entry9a.o
        30          0          0          0          0          0   handlers.o
        36          8          0          0          0         68   init.o
         0          0          0          0          0          0   iusefp.o
        30          0          0          0          0         68   llshl.o
        36          0          0          0          0         68   llsshr.o
        32          0          0          0          0         68   llushr.o
       334          0          0          0          0        148   dadd.o
       190          0          0          0          0        176   depilogue.o
        50          0          0          0          0         76   dfixui.o
        34          0          0          0          0         76   dflti.o
        26          0          0          0          0         76   dfltui.o
       228          0          0          0          0         96   dmul.o

    ----------------------------------------------------------------------
      1046         16          0          0          0        920   Library Totals
         0          0          0          0          0          0   (incl. Padding)

    ----------------------------------------------------------------------

      Code (inc. data)   RO Data    RW Data    ZI Data      Debug   Library Name

       184         16          0          0          0        272   mc_w.l
       862          0          0          0          0        648   mf_w.l

    ----------------------------------------------------------------------
      1046         16          0          0          0        920   Library Totals

    ----------------------------------------------------------------------

==============================================================================


      Code (inc. data)   RO Data    RW Data    ZI Data      Debug   

      6092       1110       2264         56       1040      24211   Grand Totals
      6092       1110       2264         56       1040      24211   ELF Image Totals
      6092       1110       2264         56          0          0   ROM Totals

==============================================================================

    Total RO  Size (Code + RO Data)                 8356 (   8.16kB)
    Total RW  Size (RW Data + ZI Data)              1096 (   1.07kB)
    Total ROM Size (Code + RO Data + RW Data)       8412 (   8.21kB)

==============================================================================

