<html>
<body>
<pre>
<h1>µVision Build Log</h1>
<h2>Project:</h2>
C:\EE445L\EE445L-master 2\Lab9\ADCT0ATrigger.uvproj
Project File Date:  09/19/2018

<h2>Output:</h2>
Build target 'ADCT0ATrigger'
compiling ADCTestmain.c...
linking...
Program Size: Code=6092 RO-data=2264 RW-data=56 ZI-data=1040  
".\ADCT0ATrigger.axf" - 0 Error(s), 0 Warning(s).
Load "C:\\EE445L\\EE445L-master 2\\Lab9\\ADCT0ATrigger.axf" 
Connecting: Mode=JTAG, Speed=1000000Hz
Erase Done.
Programming Done.
Verify OK.
Load "C:\\EE445L\\EE445L-master 2\\Lab9\\ADCT0ATrigger.axf" 
Connecting: Mode=JTAG, Speed=1000000Hz
Erase Done.
Programming Done.
Verify OK.
 Download failed  -  Target DLL has been cancelled
Load "C:\\EE445L\\EE445L-master 2\\Lab9\\ADCT0ATrigger.axf" 
Connecting: Mode=JTAG, Speed=1000000Hz
Erase Done.
Programming Done.
Verify OK.
ecting: Mode=JTAG, Speed=1000000Hz
Erase Done.
Programming Done.
Verify OK.
rogram Size: Code=4812 RO-data=2264 RW-data=56 ZI-data=1040  
".\ADCT0ATrigger.axf" - 0 Error(s), 2 Warning(s).
Load "C:\\EE445L\\EE445L-master 2\\Lab9\\ADCT0ATrigger.axf" 
Connecting: Mode=JTAG, Speed=1000000Hz
Erase Done.
Programming Done.
Verify OK.
